
> @devpilot.sh/core@0.1.0 build /home/user/devpilot/packages/core
> tsup

CLI Building entry: src/index.ts, src/db/index.ts, src/orchestrator/index.ts, src/wiki/index.ts
CLI Using tsconfig: tsconfig.json
CLI tsup v8.5.1
CLI Using tsup config: /home/user/devpilot/packages/core/tsup.config.ts
CLI Target: es2020
CLI Cleaning output folder
CJS Build start
ESM Build start
CJS dist/index.js                  268.02 KB
CJS dist/db/index.js               57.69 KB
CJS dist/orchestrator/index.js     38.40 KB
CJS dist/wiki/index.js             77.47 KB
CJS dist/index.js.map              508.95 KB
CJS dist/db/index.js.map           83.25 KB
CJS dist/orchestrator/index.js.map 80.51 KB
CJS dist/wiki/index.js.map         126.21 KB
CJS ⚡️ Build success in 583ms
ESM dist/index.mjs                  251.83 KB
ESM dist/db/index.mjs               45.40 KB
ESM dist/orchestrator/index.mjs     36.25 KB
ESM dist/wiki/index.mjs             67.53 KB
ESM dist/index.mjs.map              508.82 KB
ESM dist/db/index.mjs.map           82.72 KB
ESM dist/orchestrator/index.mjs.map 80.08 KB
ESM dist/wiki/index.mjs.map         125.93 KB
ESM ⚡️ Build success in 584ms
DTS Build start
DTS ⚡️ Build success in 12186ms
DTS dist/index.d.ts               79.93 KB
DTS dist/db/index.d.ts            134.75 KB
DTS dist/wiki/index.d.ts          494.00 B
DTS dist/orchestrator/index.d.ts  1.08 KB
DTS dist/enums-CbO5o4Mt.d.ts      3.03 KB
DTS dist/index-D3V2lrfa.d.ts      11.30 KB
DTS dist/index-BJhi-VPz.d.ts      27.88 KB
DTS dist/index.d.mts              79.94 KB
DTS dist/db/index.d.mts           134.75 KB
DTS dist/wiki/index.d.mts         496.00 B
DTS dist/orchestrator/index.d.mts 1.08 KB
DTS dist/enums-CbO5o4Mt.d.mts     3.03 KB
DTS dist/index-amVF7pEG.d.mts     11.31 KB
DTS dist/index-BJhi-VPz.d.mts     27.88 KB
