
> @devpilot.sh/bridge-client@0.1.0 build /home/user/devpilot/packages/bridge-client
> tsup

CLI Building entry: src/index.ts
CLI Using tsconfig: tsconfig.json
CLI tsup v8.5.1
CLI Using tsup config: /home/user/devpilot/packages/bridge-client/tsup.config.ts
CLI Target: es2020
CLI Cleaning output folder
CJS Build start
ESM Build start
CJS dist/index.js     4.81 KB
CJS dist/index.js.map 7.21 KB
CJS ⚡️ Build success in 55ms
ESM dist/index.mjs     3.14 KB
ESM dist/index.mjs.map 6.95 KB
ESM ⚡️ Build success in 54ms
DTS Build start
DTS ⚡️ Build success in 4639ms
DTS dist/index.d.ts  1.76 KB
DTS dist/index.d.mts 1.76 KB
